Hit:1 http://archive.ubuntu.com/ubuntu jammy InRelease
Hit:2 http://security.ubuntu.com/ubuntu jammy-security InRelease
Hit:3 http://archive.ubuntu.com/ubuntu jammy-updates InRelease
Hit:4 http://archive.ubuntu.com/ubuntu jammy-backports InRelease
Hit:5 https://developer.download.nvidia.com/compute/cuda/repos/ubuntu2204/x86_64  InRelease
Reading package lists... Done
Reading package lists... Done
Building dependency tree... Done
Reading state information... Done
The following additional packages will be installed:
  git-man javascript-common less libbrotli1 libcurl3-gnutls liberror-perl
  libexpat1-dev libjs-jquery libjs-sphinxdoc libjs-underscore libnghttp2-14
  libpython3-dev libpython3.10 libpython3.10-dev libpython3.11-minimal
  libpython3.11-stdlib librtmp1 libssh-4 python3-dev python3-distutils
  python3-lib2to3 python3-pip-whl python3-pkg-resources python3-setuptools
  python3-setuptools-whl python3-wheel python3.10-dev python3.11-minimal
  zlib1g-dev
Suggested packages:
  gettext-base git-daemon-run | git-daemon-sysvinit git-doc git-email git-gui
  gitk gitweb git-cvs git-mediawiki git-svn apache2 | lighttpd | httpd
  python-setuptools-doc python3.11-doc binfmt-support
The following NEW packages will be installed:
  git git-man javascript-common less libbrotli1 libcurl3-gnutls liberror-perl
  libexpat1-dev libjs-jquery libjs-sphinxdoc libjs-underscore libnghttp2-14
  libpython3-dev libpython3.10 libpython3.10-dev libpython3.11-minimal
  libpython3.11-stdlib librtmp1 libssh-4 python3-dev python3-distutils
  python3-lib2to3 python3-pip python3-pip-whl python3-pkg-resources
  python3-setuptools python3-setuptools-whl python3-wheel python3.10-dev
  python3.11 python3.11-minimal python3.11-venv zlib1g-dev
0 upgraded, 33 newly installed, 0 to remove and 93 not upgraded.
Need to get 23.5 MB of archives.
After this operation, 89.3 MB of additional disk space will be used.
Get:1 http://archive.ubuntu.com/ubuntu jammy-updates/universe amd64 libpython3.11-minimal amd64 3.11.0~rc1-1~22.04 [837 kB]
Get:2 http://archive.ubuntu.com/ubuntu jammy-updates/universe amd64 python3.11-minimal amd64 3.11.0~rc1-1~22.04 [2370 kB]
Get:3 http://archive.ubuntu.com/ubuntu jammy-updates/main amd64 less amd64 590-1ubuntu0.22.04.3 [142 kB]
Get:4 http://archive.ubuntu.com/ubuntu jammy-updates/main amd64 python3-pkg-resources all 59.6.0-1.2ubuntu0.22.04.3 [133 kB]
Get:5 http://archive.ubuntu.com/ubuntu jammy-updates/main amd64 libnghttp2-14 amd64 1.43.0-1ubuntu0.3 [76.7 kB]
Get:6 http://archive.ubuntu.com/ubuntu jammy/main amd64 libbrotli1 amd64 1.0.9-2build6 [315 kB]
Get:7 http://archive.ubuntu.com/ubuntu jammy/main amd64 librtmp1 amd64 2.4+20151223.gitfa8646d.1-2build4 [58.2 kB]
Get:8 http://archive.ubuntu.com/ubuntu jammy-updates/main amd64 libssh-4 amd64 0.9.6-2ubuntu0.22.04.7 [187 kB]
Get:9 http://archive.ubuntu.com/ubuntu jammy-updates/main amd64 libcurl3-gnutls amd64 7.81.0-1ubuntu1.24 [285 kB]
Get:10 http://archive.ubuntu.com/ubuntu jammy/main amd64 liberror-perl all 0.17029-1 [26.5 kB]
Get:11 http://archive.ubuntu.com/ubuntu jammy-updates/main amd64 git-man all 1:2.34.1-1ubuntu1.17 [954 kB]
Get:12 http://archive.ubuntu.com/ubuntu jammy-updates/main amd64 git amd64 1:2.34.1-1ubuntu1.17 [3174 kB]
Get:13 http://archive.ubuntu.com/ubuntu jammy/main amd64 javascript-common all 11+nmu1 [5936 B]
Get:14 http://archive.ubuntu.com/ubuntu jammy-updates/main amd64 libexpat1-dev amd64 2.4.7-1ubuntu0.7 [148 kB]
Get:15 http://archive.ubuntu.com/ubuntu jammy/main amd64 libjs-jquery all 3.6.0+dfsg+~3.5.13-1 [321 kB]
Get:16 http://archive.ubuntu.com/ubuntu jammy/main amd64 libjs-underscore all 1.13.2~dfsg-2 [118 kB]
Get:17 http://archive.ubuntu.com/ubuntu jammy/main amd64 libjs-sphinxdoc all 4.3.2-1 [139 kB]
Get:18 http://archive.ubuntu.com/ubuntu jammy-updates/main amd64 libpython3.10 amd64 3.10.12-1~22.04.15 [1949 kB]
Get:19 http://archive.ubuntu.com/ubuntu jammy-updates/main amd64 zlib1g-dev amd64 1:1.2.11.dfsg-2ubuntu9.2 [164 kB]
Get:20 http://archive.ubuntu.com/ubuntu jammy-updates/main amd64 libpython3.10-dev amd64 3.10.12-1~22.04.15 [4764 kB]
Get:21 http://archive.ubuntu.com/ubuntu jammy-updates/main amd64 libpython3-dev amd64 3.10.6-1~22.04.1 [7064 B]
Get:22 http://archive.ubuntu.com/ubuntu jammy-updates/universe amd64 libpython3.11-stdlib amd64 3.11.0~rc1-1~22.04 [1859 kB]
Get:23 http://archive.ubuntu.com/ubuntu jammy-updates/main amd64 python3.10-dev amd64 3.10.12-1~22.04.15 [508 kB]
Get:24 http://archive.ubuntu.com/ubuntu jammy-updates/main amd64 python3-lib2to3 all 3.10.8-1~22.04 [77.6 kB]
Get:25 http://archive.ubuntu.com/ubuntu jammy-updates/main amd64 python3-distutils all 3.10.8-1~22.04 [139 kB]
Get:26 http://archive.ubuntu.com/ubuntu jammy-updates/main amd64 python3-dev amd64 3.10.6-1~22.04.1 [26.0 kB]
Get:27 http://archive.ubuntu.com/ubuntu jammy-updates/main amd64 python3-setuptools all 59.6.0-1.2ubuntu0.22.04.3 [340 kB]
Get:28 http://archive.ubuntu.com/ubuntu jammy-updates/universe amd64 python3-wheel all 0.37.1-2ubuntu0.22.04.1 [32.0 kB]
Get:29 http://archive.ubuntu.com/ubuntu jammy-updates/universe amd64 python3-pip all 22.0.2+dfsg-1ubuntu0.7 [1306 kB]
Get:30 http://archive.ubuntu.com/ubuntu jammy-updates/universe amd64 python3-pip-whl all 22.0.2+dfsg-1ubuntu0.7 [1683 kB]
Get:31 http://archive.ubuntu.com/ubuntu jammy-updates/universe amd64 python3-setuptools-whl all 59.6.0-1.2ubuntu0.22.04.3 [789 kB]
Get:32 http://archive.ubuntu.com/ubuntu jammy-updates/universe amd64 python3.11 amd64 3.11.0~rc1-1~22.04 [550 kB]
Get:33 http://archive.ubuntu.com/ubuntu jammy-updates/universe amd64 python3.11-venv amd64 3.11.0~rc1-1~22.04 [5730 B]
Fetched 23.5 MB in 1s (44.3 MB/s)
debconf: delaying package configuration, since apt-utils is not installed
Selecting previously unselected package libpython3.11-minimal:amd64.
(Reading database ... 20316 files and directories currently installed.)
Preparing to unpack .../00-libpython3.11-minimal_3.11.0~rc1-1~22.04_amd64.deb ...
Unpacking libpython3.11-minimal:amd64 (3.11.0~rc1-1~22.04) ...
Selecting previously unselected package python3.11-minimal.
Preparing to unpack .../01-python3.11-minimal_3.11.0~rc1-1~22.04_amd64.deb ...
Unpacking python3.11-minimal (3.11.0~rc1-1~22.04) ...
Selecting previously unselected package less.
Preparing to unpack .../02-less_590-1ubuntu0.22.04.3_amd64.deb ...
Unpacking less (590-1ubuntu0.22.04.3) ...
Selecting previously unselected package python3-pkg-resources.
Preparing to unpack .../03-python3-pkg-resources_59.6.0-1.2ubuntu0.22.04.3_all.deb ...
Unpacking python3-pkg-resources (59.6.0-1.2ubuntu0.22.04.3) ...
Selecting previously unselected package libnghttp2-14:amd64.
Preparing to unpack .../04-libnghttp2-14_1.43.0-1ubuntu0.3_amd64.deb ...
Unpacking libnghttp2-14:amd64 (1.43.0-1ubuntu0.3) ...
Selecting previously unselected package libbrotli1:amd64.
Preparing to unpack .../05-libbrotli1_1.0.9-2build6_amd64.deb ...
Unpacking libbrotli1:amd64 (1.0.9-2build6) ...
Selecting previously unselected package librtmp1:amd64.
Preparing to unpack .../06-librtmp1_2.4+20151223.gitfa8646d.1-2build4_amd64.deb ...
Unpacking librtmp1:amd64 (2.4+20151223.gitfa8646d.1-2build4) ...
Selecting previously unselected package libssh-4:amd64.
Preparing to unpack .../07-libssh-4_0.9.6-2ubuntu0.22.04.7_amd64.deb ...
Unpacking libssh-4:amd64 (0.9.6-2ubuntu0.22.04.7) ...
Selecting previously unselected package libcurl3-gnutls:amd64.
Preparing to unpack .../08-libcurl3-gnutls_7.81.0-1ubuntu1.24_amd64.deb ...
Unpacking libcurl3-gnutls:amd64 (7.81.0-1ubuntu1.24) ...
Selecting previously unselected package liberror-perl.
Preparing to unpack .../09-liberror-perl_0.17029-1_all.deb ...
Unpacking liberror-perl (0.17029-1) ...
Selecting previously unselected package git-man.
Preparing to unpack .../10-git-man_1%3a2.34.1-1ubuntu1.17_all.deb ...
Unpacking git-man (1:2.34.1-1ubuntu1.17) ...
Selecting previously unselected package git.
Preparing to unpack .../11-git_1%3a2.34.1-1ubuntu1.17_amd64.deb ...
Unpacking git (1:2.34.1-1ubuntu1.17) ...
Selecting previously unselected package javascript-common.
Preparing to unpack .../12-javascript-common_11+nmu1_all.deb ...
Unpacking javascript-common (11+nmu1) ...
Selecting previously unselected package libexpat1-dev:amd64.
Preparing to unpack .../13-libexpat1-dev_2.4.7-1ubuntu0.7_amd64.deb ...
Unpacking libexpat1-dev:amd64 (2.4.7-1ubuntu0.7) ...
Selecting previously unselected package libjs-jquery.
Preparing to unpack .../14-libjs-jquery_3.6.0+dfsg+~3.5.13-1_all.deb ...
Unpacking libjs-jquery (3.6.0+dfsg+~3.5.13-1) ...
Selecting previously unselected package libjs-underscore.
Preparing to unpack .../15-libjs-underscore_1.13.2~dfsg-2_all.deb ...
Unpacking libjs-underscore (1.13.2~dfsg-2) ...
Selecting previously unselected package libjs-sphinxdoc.
Preparing to unpack .../16-libjs-sphinxdoc_4.3.2-1_all.deb ...
Unpacking libjs-sphinxdoc (4.3.2-1) ...
Selecting previously unselected package libpython3.10:amd64.
Preparing to unpack .../17-libpython3.10_3.10.12-1~22.04.15_amd64.deb ...
Unpacking libpython3.10:amd64 (3.10.12-1~22.04.15) ...
Selecting previously unselected package zlib1g-dev:amd64.
Preparing to unpack .../18-zlib1g-dev_1%3a1.2.11.dfsg-2ubuntu9.2_amd64.deb ...
Unpacking zlib1g-dev:amd64 (1:1.2.11.dfsg-2ubuntu9.2) ...
Selecting previously unselected package libpython3.10-dev:amd64.
Preparing to unpack .../19-libpython3.10-dev_3.10.12-1~22.04.15_amd64.deb ...
Unpacking libpython3.10-dev:amd64 (3.10.12-1~22.04.15) ...
Selecting previously unselected package libpython3-dev:amd64.
Preparing to unpack .../20-libpython3-dev_3.10.6-1~22.04.1_amd64.deb ...
Unpacking libpython3-dev:amd64 (3.10.6-1~22.04.1) ...
Selecting previously unselected package libpython3.11-stdlib:amd64.
Preparing to unpack .../21-libpython3.11-stdlib_3.11.0~rc1-1~22.04_amd64.deb ...
Unpacking libpython3.11-stdlib:amd64 (3.11.0~rc1-1~22.04) ...
Selecting previously unselected package python3.10-dev.
Preparing to unpack .../22-python3.10-dev_3.10.12-1~22.04.15_amd64.deb ...
Unpacking python3.10-dev (3.10.12-1~22.04.15) ...
Selecting previously unselected package python3-lib2to3.
Preparing to unpack .../23-python3-lib2to3_3.10.8-1~22.04_all.deb ...
Unpacking python3-lib2to3 (3.10.8-1~22.04) ...
Selecting previously unselected package python3-distutils.
Preparing to unpack .../24-python3-distutils_3.10.8-1~22.04_all.deb ...
Unpacking python3-distutils (3.10.8-1~22.04) ...
Selecting previously unselected package python3-dev.
Preparing to unpack .../25-python3-dev_3.10.6-1~22.04.1_amd64.deb ...
Unpacking python3-dev (3.10.6-1~22.04.1) ...
Selecting previously unselected package python3-setuptools.
Preparing to unpack .../26-python3-setuptools_59.6.0-1.2ubuntu0.22.04.3_all.deb ...
Unpacking python3-setuptools (59.6.0-1.2ubuntu0.22.04.3) ...
Selecting previously unselected package python3-wheel.
Preparing to unpack .../27-python3-wheel_0.37.1-2ubuntu0.22.04.1_all.deb ...
Unpacking python3-wheel (0.37.1-2ubuntu0.22.04.1) ...
Selecting previously unselected package python3-pip.
Preparing to unpack .../28-python3-pip_22.0.2+dfsg-1ubuntu0.7_all.deb ...
Unpacking python3-pip (22.0.2+dfsg-1ubuntu0.7) ...
Selecting previously unselected package python3-pip-whl.
Preparing to unpack .../29-python3-pip-whl_22.0.2+dfsg-1ubuntu0.7_all.deb ...
Unpacking python3-pip-whl (22.0.2+dfsg-1ubuntu0.7) ...
Selecting previously unselected package python3-setuptools-whl.
Preparing to unpack .../30-python3-setuptools-whl_59.6.0-1.2ubuntu0.22.04.3_all.deb ...
Unpacking python3-setuptools-whl (59.6.0-1.2ubuntu0.22.04.3) ...
Selecting previously unselected package python3.11.
Preparing to unpack .../31-python3.11_3.11.0~rc1-1~22.04_amd64.deb ...
Unpacking python3.11 (3.11.0~rc1-1~22.04) ...
Selecting previously unselected package python3.11-venv.
Preparing to unpack .../32-python3.11-venv_3.11.0~rc1-1~22.04_amd64.deb ...
Unpacking python3.11-venv (3.11.0~rc1-1~22.04) ...
Setting up python3-pkg-resources (59.6.0-1.2ubuntu0.22.04.3) ...
Setting up javascript-common (11+nmu1) ...
Setting up libpython3.10:amd64 (3.10.12-1~22.04.15) ...
Setting up python3-setuptools-whl (59.6.0-1.2ubuntu0.22.04.3) ...
Setting up python3-pip-whl (22.0.2+dfsg-1ubuntu0.7) ...
Setting up libbrotli1:amd64 (1.0.9-2build6) ...
Setting up libnghttp2-14:amd64 (1.43.0-1ubuntu0.3) ...
Setting up less (590-1ubuntu0.22.04.3) ...
Setting up liberror-perl (0.17029-1) ...
Setting up libexpat1-dev:amd64 (2.4.7-1ubuntu0.7) ...
Setting up librtmp1:amd64 (2.4+20151223.gitfa8646d.1-2build4) ...
Setting up libssh-4:amd64 (0.9.6-2ubuntu0.22.04.7) ...
Setting up zlib1g-dev:amd64 (1:1.2.11.dfsg-2ubuntu9.2) ...
Setting up git-man (1:2.34.1-1ubuntu1.17) ...
Setting up libpython3.11-minimal:amd64 (3.11.0~rc1-1~22.04) ...
Setting up libjs-jquery (3.6.0+dfsg+~3.5.13-1) ...
Setting up python3-lib2to3 (3.10.8-1~22.04) ...
Setting up libjs-underscore (1.13.2~dfsg-2) ...
Setting up python3-distutils (3.10.8-1~22.04) ...
Setting up python3.11-minimal (3.11.0~rc1-1~22.04) ...
Setting up python3-setuptools (59.6.0-1.2ubuntu0.22.04.3) ...
Setting up libpython3.11-stdlib:amd64 (3.11.0~rc1-1~22.04) ...
Setting up libcurl3-gnutls:amd64 (7.81.0-1ubuntu1.24) ...
Setting up python3-wheel (0.37.1-2ubuntu0.22.04.1) ...
Setting up libpython3.10-dev:amd64 (3.10.12-1~22.04.15) ...
Setting up git (1:2.34.1-1ubuntu1.17) ...
Setting up python3-pip (22.0.2+dfsg-1ubuntu0.7) ...
Setting up libjs-sphinxdoc (4.3.2-1) ...
Setting up python3.10-dev (3.10.12-1~22.04.15) ...
Setting up python3.11 (3.11.0~rc1-1~22.04) ...
Setting up libpython3-dev:amd64 (3.10.6-1~22.04.1) ...
Setting up python3.11-venv (3.11.0~rc1-1~22.04) ...
Setting up python3-dev (3.10.6-1~22.04.1) ...
Processing triggers for libc-bin (2.35-0ubuntu3.6) ...
Requirement already satisfied: pip in ./.venv/lib/python3.11/site-packages (22.0.2)
Collecting pip
  Downloading pip-26.1.2-py3-none-any.whl (1.8 MB)
     ━━━━━━━━━━━━━━━━━━━━━━━━━━━━━━━━━━━━━━━━ 1.8/1.8 MB 31.9 MB/s eta 0:00:00
Collecting wheel
  Downloading wheel-0.47.0-py3-none-any.whl (32 kB)
Requirement already satisfied: setuptools in ./.venv/lib/python3.11/site-packages (59.6.0)
Collecting setuptools
  Downloading setuptools-82.0.1-py3-none-any.whl (1.0 MB)
     ━━━━━━━━━━━━━━━━━━━━━━━━━━━━━━━━━━━━━━━━ 1.0/1.0 MB 94.6 MB/s eta 0:00:00
Collecting packaging>=24.0
  Downloading packaging-26.2-py3-none-any.whl (100 kB)
     ━━━━━━━━━━━━━━━━━━━━━━━━━━━━━━━━━━━━━━ 100.2/100.2 KB 29.2 MB/s eta 0:00:00
Installing collected packages: setuptools, pip, packaging, wheel
  Attempting uninstall: setuptools
    Found existing installation: setuptools 59.6.0
    Uninstalling setuptools-59.6.0:
      Successfully uninstalled setuptools-59.6.0
  Attempting uninstall: pip
    Found existing installation: pip 22.0.2
    Uninstalling pip-22.0.2:
      Successfully uninstalled pip-22.0.2
Successfully installed packaging-26.2 pip-26.1.2 setuptools-82.0.1 wheel-0.47.0
Obtaining file:///workflow
  Installing build dependencies ... done
  Checking if build backend supports build_editable ... done
  Getting requirements to build editable ... done
  Preparing editable metadata (pyproject.toml) ... done
Building wheels for collected packages: tunix-accel
  Building editable for tunix-accel (pyproject.toml) ... done
  Created wheel for tunix-accel: filename=tunix_accel-0.1.0-0.editable-py3-none-any.whl size=2793 sha256=c548b53a7a3c7117dabfb5497a7e6459d35ec177e26df9075322d53691884201
  Stored in directory: /tmp/pip-ephem-wheel-cache-kw7nt3mk/wheels/dd/d3/0b/e0665eb878eec82553318e81d0de06386051d0cf39304f5b77
Successfully built tunix-accel
Installing collected packages: tunix-accel
Successfully installed tunix-accel-0.1.0
Looking in links: https://storage.googleapis.com/jax-releases/jax_cuda_releases.html
Collecting pandas
  Downloading pandas-3.0.3-cp311-cp311-manylinux_2_24_x86_64.manylinux_2_28_x86_64.whl.metadata (79 kB)
Collecting matplotlib
  Downloading matplotlib-3.11.0-cp311-cp311-manylinux2014_x86_64.manylinux_2_17_x86_64.whl.metadata (80 kB)
Collecting jax[cuda12]
  Downloading jax-0.10.1-py3-none-any.whl.metadata (13 kB)
Collecting jaxlib<=0.10.1,>=0.10.1 (from jax[cuda12])
  Downloading jaxlib-0.10.1-cp311-cp311-manylinux_2_27_x86_64.whl.metadata (1.3 kB)
Collecting ml_dtypes>=0.5.0 (from jax[cuda12])
  Downloading ml_dtypes-0.5.4-cp311-cp311-manylinux_2_27_x86_64.manylinux_2_28_x86_64.whl.metadata (8.9 kB)
Collecting numpy>=2.0 (from jax[cuda12])
  Downloading numpy-2.4.6-cp311-cp311-manylinux_2_27_x86_64.manylinux_2_28_x86_64.whl.metadata (6.6 kB)
Collecting opt_einsum (from jax[cuda12])
  Downloading opt_einsum-3.4.0-py3-none-any.whl.metadata (6.3 kB)
Collecting scipy>=1.14 (from jax[cuda12])
  Downloading scipy-1.17.1-cp311-cp311-manylinux_2_27_x86_64.manylinux_2_28_x86_64.whl.metadata (62 kB)
Collecting jax-cuda12-plugin<=0.10.1,>=0.10.1 (from jax-cuda12-plugin[with-cuda]<=0.10.1,>=0.10.1; extra == "cuda12"->jax[cuda12])
  Downloading jax_cuda12_plugin-0.10.1-cp311-cp311-manylinux_2_27_x86_64.whl.metadata (2.0 kB)
Collecting jax-cuda12-pjrt==0.10.1 (from jax-cuda12-plugin<=0.10.1,>=0.10.1->jax-cuda12-plugin[with-cuda]<=0.10.1,>=0.10.1; extra == "cuda12"->jax[cuda12])
  Downloading jax_cuda12_pjrt-0.10.1-py3-none-manylinux_2_27_x86_64.whl.metadata (580 bytes)
Collecting nvidia-cublas-cu12>=12.1.3.1 (from jax-cuda12-plugin[with-cuda]<=0.10.1,>=0.10.1; extra == "cuda12"->jax[cuda12])
  Downloading nvidia_cublas_cu12-12.9.2.10-py3-none-manylinux_2_27_x86_64.whl.metadata (1.8 kB)
Collecting nvidia-cuda-cupti-cu12>=12.1.105 (from jax-cuda12-plugin[with-cuda]<=0.10.1,>=0.10.1; extra == "cuda12"->jax[cuda12])
  Downloading nvidia_cuda_cupti_cu12-12.9.79-py3-none-manylinux_2_25_x86_64.whl.metadata (1.8 kB)
Collecting nvidia-cuda-nvcc-cu12>=12.6.85 (from jax-cuda12-plugin[with-cuda]<=0.10.1,>=0.10.1; extra == "cuda12"->jax[cuda12])
  Downloading nvidia_cuda_nvcc_cu12-12.9.86-py3-none-manylinux2010_x86_64.manylinux_2_12_x86_64.whl.metadata (1.7 kB)
Collecting nvidia-cuda-runtime-cu12>=12.1.105 (from jax-cuda12-plugin[with-cuda]<=0.10.1,>=0.10.1; extra == "cuda12"->jax[cuda12])
  Downloading nvidia_cuda_runtime_cu12-12.9.79-py3-none-manylinux2014_x86_64.manylinux_2_17_x86_64.whl.metadata (1.7 kB)
Collecting nvidia-cudnn-cu12<10.0,>=9.8 (from jax-cuda12-plugin[with-cuda]<=0.10.1,>=0.10.1; extra == "cuda12"->jax[cuda12])
  Downloading nvidia_cudnn_cu12-9.23.1.3-py3-none-manylinux_2_27_x86_64.whl.metadata (1.9 kB)
Collecting nvidia-cufft-cu12>=11.0.2.54 (from jax-cuda12-plugin[with-cuda]<=0.10.1,>=0.10.1; extra == "cuda12"->jax[cuda12])
  Downloading nvidia_cufft_cu12-11.4.1.4-py3-none-manylinux2014_x86_64.manylinux_2_17_x86_64.whl.metadata (1.8 kB)
Collecting nvidia-cusolver-cu12>=11.4.5.107 (from jax-cuda12-plugin[with-cuda]<=0.10.1,>=0.10.1; extra == "cuda12"->jax[cuda12])
  Downloading nvidia_cusolver_cu12-11.7.5.82-py3-none-manylinux_2_27_x86_64.whl.metadata (1.9 kB)
Collecting nvidia-cusparse-cu12>=12.1.0.106 (from jax-cuda12-plugin[with-cuda]<=0.10.1,>=0.10.1; extra == "cuda12"->jax[cuda12])
  Downloading nvidia_cusparse_cu12-12.5.10.65-py3-none-manylinux2014_x86_64.manylinux_2_17_x86_64.whl.metadata (1.8 kB)
Collecting nvidia-nccl-cu12>=2.18.1 (from jax-cuda12-plugin[with-cuda]<=0.10.1,>=0.10.1; extra == "cuda12"->jax[cuda12])
  Downloading nvidia_nccl_cu12-2.30.7-py3-none-manylinux_2_18_x86_64.whl.metadata (2.1 kB)
Collecting nvidia-nvjitlink-cu12>=12.1.105 (from jax-cuda12-plugin[with-cuda]<=0.10.1,>=0.10.1; extra == "cuda12"->jax[cuda12])
  Downloading nvidia_nvjitlink_cu12-12.9.86-py3-none-manylinux2010_x86_64.manylinux_2_12_x86_64.whl.metadata (1.7 kB)
Collecting nvidia-cuda-nvrtc-cu12>=12.1.55 (from jax-cuda12-plugin[with-cuda]<=0.10.1,>=0.10.1; extra == "cuda12"->jax[cuda12])
  Downloading nvidia_cuda_nvrtc_cu12-12.9.86-py3-none-manylinux2010_x86_64.manylinux_2_12_x86_64.whl.metadata (1.7 kB)
Collecting nvidia-nvshmem-cu12>=3.2.5 (from jax-cuda12-plugin[with-cuda]<=0.10.1,>=0.10.1; extra == "cuda12"->jax[cuda12])
  Downloading nvidia_nvshmem_cu12-3.7.0-py3-none-manylinux2014_x86_64.manylinux_2_17_x86_64.whl.metadata (2.2 kB)
Collecting python-dateutil>=2.8.2 (from pandas)
  Downloading python_dateutil-2.9.0.post0-py2.py3-none-any.whl.metadata (8.4 kB)
Collecting contourpy>=1.0.1 (from matplotlib)
  Downloading contourpy-1.3.3-cp311-cp311-manylinux_2_27_x86_64.manylinux_2_28_x86_64.whl.metadata (5.5 kB)
Collecting cycler>=0.10 (from matplotlib)
  Downloading cycler-0.12.1-py3-none-any.whl.metadata (3.8 kB)
Collecting fonttools>=4.22.0 (from matplotlib)
  Downloading fonttools-4.63.0-cp311-cp311-manylinux2014_x86_64.manylinux_2_17_x86_64.whl.metadata (118 kB)
Collecting kiwisolver>=1.3.1 (from matplotlib)
  Downloading kiwisolver-1.5.0-cp311-cp311-manylinux2014_x86_64.manylinux_2_17_x86_64.whl.metadata (5.1 kB)
Requirement already satisfied: packaging>=20.0 in ./.venv/lib/python3.11/site-packages (from matplotlib) (26.2)
Collecting pillow>=9 (from matplotlib)
  Downloading pillow-12.2.0-cp311-cp311-manylinux_2_27_x86_64.manylinux_2_28_x86_64.whl.metadata (8.8 kB)
Collecting pyparsing>=3 (from matplotlib)
  Downloading pyparsing-3.3.2-py3-none-any.whl.metadata (5.8 kB)
Collecting nvidia-cuda-cccl-cu12 (from nvidia-nvshmem-cu12>=3.2.5->jax-cuda12-plugin[with-cuda]<=0.10.1,>=0.10.1; extra == "cuda12"->jax[cuda12])
  Downloading nvidia_cuda_cccl_cu12-12.9.27-py3-none-manylinux2014_x86_64.manylinux_2_17_x86_64.whl.metadata (1.7 kB)
Collecting six>=1.5 (from python-dateutil>=2.8.2->pandas)
  Downloading six-1.17.0-py2.py3-none-any.whl.metadata (1.7 kB)
Downloading jax-0.10.1-py3-none-any.whl (3.2 MB)
   ━━━━━━━━━━━━━━━━━━━━━━━━━━━━━━━━━━━━━━━━ 3.2/3.2 MB 120.5 MB/s  0:00:00
Downloading jax_cuda12_plugin-0.10.1-cp311-cp311-manylinux_2_27_x86_64.whl (7.9 MB)
   ━━━━━━━━━━━━━━━━━━━━━━━━━━━━━━━━━━━━━━━━ 7.9/7.9 MB 94.2 MB/s  0:00:00
Downloading jax_cuda12_pjrt-0.10.1-py3-none-manylinux_2_27_x86_64.whl (164.8 MB)
   ━━━━━━━━━━━━━━━━━━━━━━━━━━━━━━━━━━━━━━━━ 164.8/164.8 MB 98.5 MB/s  0:00:01
Downloading jaxlib-0.10.1-cp311-cp311-manylinux_2_27_x86_64.whl (85.8 MB)
   ━━━━━━━━━━━━━━━━━━━━━━━━━━━━━━━━━━━━━━━━ 85.8/85.8 MB 96.2 MB/s  0:00:00
Downloading nvidia_cudnn_cu12-9.23.1.3-py3-none-manylinux_2_27_x86_64.whl (721.1 MB)
   ━━━━━━━━━━━━━━━━━━━━━━━━━━━━━━━━━━━━━━━━ 721.1/721.1 MB 44.0 MB/s  0:00:08
Downloading pandas-3.0.3-cp311-cp311-manylinux_2_24_x86_64.manylinux_2_28_x86_64.whl (11.3 MB)
   ━━━━━━━━━━━━━━━━━━━━━━━━━━━━━━━━━━━━━━━━ 11.3/11.3 MB 289.5 MB/s  0:00:00
Downloading matplotlib-3.11.0-cp311-cp311-manylinux2014_x86_64.manylinux_2_17_x86_64.whl (10.0 MB)
   ━━━━━━━━━━━━━━━━━━━━━━━━━━━━━━━━━━━━━━━━ 10.0/10.0 MB 170.4 MB/s  0:00:00
Downloading contourpy-1.3.3-cp311-cp311-manylinux_2_27_x86_64.manylinux_2_28_x86_64.whl (355 kB)
Downloading cycler-0.12.1-py3-none-any.whl (8.3 kB)
Downloading fonttools-4.63.0-cp311-cp311-manylinux2014_x86_64.manylinux_2_17_x86_64.whl (5.1 MB)
   ━━━━━━━━━━━━━━━━━━━━━━━━━━━━━━━━━━━━━━━━ 5.1/5.1 MB 210.0 MB/s  0:00:00
Downloading kiwisolver-1.5.0-cp311-cp311-manylinux2014_x86_64.manylinux_2_17_x86_64.whl (1.4 MB)
   ━━━━━━━━━━━━━━━━━━━━━━━━━━━━━━━━━━━━━━━━ 1.4/1.4 MB 126.2 MB/s  0:00:00
Downloading ml_dtypes-0.5.4-cp311-cp311-manylinux_2_27_x86_64.manylinux_2_28_x86_64.whl (5.0 MB)
   ━━━━━━━━━━━━━━━━━━━━━━━━━━━━━━━━━━━━━━━━ 5.0/5.0 MB 117.4 MB/s  0:00:00
Downloading numpy-2.4.6-cp311-cp311-manylinux_2_27_x86_64.manylinux_2_28_x86_64.whl (16.9 MB)
   ━━━━━━━━━━━━━━━━━━━━━━━━━━━━━━━━━━━━━━━━ 16.9/16.9 MB 308.1 MB/s  0:00:00
Downloading nvidia_cublas_cu12-12.9.2.10-py3-none-manylinux_2_27_x86_64.whl (581.2 MB)
   ━━━━━━━━━━━━━━━━━━━━━━━━━━━━━━━━━━━━━━━━ 581.2/581.2 MB 45.3 MB/s  0:00:07
Downloading nvidia_cuda_cupti_cu12-12.9.79-py3-none-manylinux_2_25_x86_64.whl (10.8 MB)
   ━━━━━━━━━━━━━━━━━━━━━━━━━━━━━━━━━━━━━━━━ 10.8/10.8 MB 118.8 MB/s  0:00:00
Downloading nvidia_cuda_nvcc_cu12-12.9.86-py3-none-manylinux2010_x86_64.manylinux_2_12_x86_64.whl (40.5 MB)
   ━━━━━━━━━━━━━━━━━━━━━━━━━━━━━━━━━━━━━━━━ 40.5/40.5 MB 106.9 MB/s  0:00:00
Downloading nvidia_cuda_nvrtc_cu12-12.9.86-py3-none-manylinux2010_x86_64.manylinux_2_12_x86_64.whl (89.6 MB)
   ━━━━━━━━━━━━━━━━━━━━━━━━━━━━━━━━━━━━━━━━ 89.6/89.6 MB 84.7 MB/s  0:00:01
Downloading nvidia_cuda_runtime_cu12-12.9.79-py3-none-manylinux2014_x86_64.manylinux_2_17_x86_64.whl (3.5 MB)
   ━━━━━━━━━━━━━━━━━━━━━━━━━━━━━━━━━━━━━━━━ 3.5/3.5 MB 103.6 MB/s  0:00:00
Downloading nvidia_cufft_cu12-11.4.1.4-py3-none-manylinux2014_x86_64.manylinux_2_17_x86_64.whl (200.9 MB)
   ━━━━━━━━━━━━━━━━━━━━━━━━━━━━━━━━━━━━━━━━ 200.9/200.9 MB 77.3 MB/s  0:00:02
Downloading nvidia_cusolver_cu12-11.7.5.82-py3-none-manylinux_2_27_x86_64.whl (338.1 MB)
   ━━━━━━━━━━━━━━━━━━━━━━━━━━━━━━━━━━━━━━━━ 338.1/338.1 MB 73.0 MB/s  0:00:04
Downloading nvidia_cusparse_cu12-12.5.10.65-py3-none-manylinux2014_x86_64.manylinux_2_17_x86_64.whl (366.5 MB)
   ━━━━━━━━━━━━━━━━━━━━━━━━━━━━━━━━━━━━━━━━ 366.5/366.5 MB 67.9 MB/s  0:00:04
Downloading nvidia_nccl_cu12-2.30.7-py3-none-manylinux_2_18_x86_64.whl (303.4 MB)
   ━━━━━━━━━━━━━━━━━━━━━━━━━━━━━━━━━━━━━━━━ 303.4/303.4 MB 103.4 MB/s  0:00:02
Downloading nvidia_nvjitlink_cu12-12.9.86-py3-none-manylinux2010_x86_64.manylinux_2_12_x86_64.whl (39.7 MB)
   ━━━━━━━━━━━━━━━━━━━━━━━━━━━━━━━━━━━━━━━━ 39.7/39.7 MB 34.4 MB/s  0:00:01
Downloading nvidia_nvshmem_cu12-3.7.0-py3-none-manylinux2014_x86_64.manylinux_2_17_x86_64.whl (230.3 MB)
   ━━━━━━━━━━━━━━━━━━━━━━━━━━━━━━━━━━━━━━━━ 230.3/230.3 MB 40.3 MB/s  0:00:05
Downloading pillow-12.2.0-cp311-cp311-manylinux_2_27_x86_64.manylinux_2_28_x86_64.whl (7.1 MB)
   ━━━━━━━━━━━━━━━━━━━━━━━━━━━━━━━━━━━━━━━━ 7.1/7.1 MB 10.8 MB/s  0:00:00
Downloading pyparsing-3.3.2-py3-none-any.whl (122 kB)
Downloading python_dateutil-2.9.0.post0-py2.py3-none-any.whl (229 kB)
Downloading scipy-1.17.1-cp311-cp311-manylinux_2_27_x86_64.manylinux_2_28_x86_64.whl (35.3 MB)
   ━━━━━━━━━━━━━━━━━━━━━━━━━━━━━━━━━━━━━━━━ 35.3/35.3 MB 36.6 MB/s  0:00:00
Downloading six-1.17.0-py2.py3-none-any.whl (11 kB)
Downloading nvidia_cuda_cccl_cu12-12.9.27-py3-none-manylinux2014_x86_64.manylinux_2_17_x86_64.whl (3.2 MB)
   ━━━━━━━━━━━━━━━━━━━━━━━━━━━━━━━━━━━━━━━━ 3.2/3.2 MB 5.9 MB/s  0:00:00
Downloading opt_einsum-3.4.0-py3-none-any.whl (71 kB)
Installing collected packages: jax-cuda12-pjrt, six, pyparsing, pillow, opt_einsum, nvidia-nvjitlink-cu12, nvidia-nccl-cu12, nvidia-cuda-runtime-cu12, nvidia-cuda-nvrtc-cu12, nvidia-cuda-nvcc-cu12, nvidia-cuda-cupti-cu12, nvidia-cuda-cccl-cu12, numpy, kiwisolver, jax-cuda12-plugin, fonttools, cycler, scipy, python-dateutil, nvidia-nvshmem-cu12, nvidia-cusparse-cu12, nvidia-cufft-cu12, nvidia-cublas-cu12, ml_dtypes, contourpy, pandas, nvidia-cusolver-cu12, nvidia-cudnn-cu12, matplotlib, jaxlib, jax
Successfully installed contourpy-1.3.3 cycler-0.12.1 fonttools-4.63.0 jax-0.10.1 jax-cuda12-pjrt-0.10.1 jax-cuda12-plugin-0.10.1 jaxlib-0.10.1 kiwisolver-1.5.0 matplotlib-3.11.0 ml_dtypes-0.5.4 numpy-2.4.6 nvidia-cublas-cu12-12.9.2.10 nvidia-cuda-cccl-cu12-12.9.27 nvidia-cuda-cupti-cu12-12.9.79 nvidia-cuda-nvcc-cu12-12.9.86 nvidia-cuda-nvrtc-cu12-12.9.86 nvidia-cuda-runtime-cu12-12.9.79 nvidia-cudnn-cu12-9.23.1.3 nvidia-cufft-cu12-11.4.1.4 nvidia-cusolver-cu12-11.7.5.82 nvidia-cusparse-cu12-12.5.10.65 nvidia-nccl-cu12-2.30.7 nvidia-nvjitlink-cu12-12.9.86 nvidia-nvshmem-cu12-3.7.0 opt_einsum-3.4.0 pandas-3.0.3 pillow-12.2.0 pyparsing-3.3.2 python-dateutil-2.9.0.post0 scipy-1.17.1 six-1.17.0
jax 0.10.1 backend gpu devices [CudaDevice(id=0), CudaDevice(id=1), CudaDevice(id=2), CudaDevice(id=3)]
total_experiments=16 selected_experiments=16
results_jsonl=/tmp/mesh-pathology-gpu-a100-80gb-4/results/shard_0.jsonl
run 1/16 experiment_id=0 exp0000_gpu-a100-80gb-4_cce_train_bad_fsdp2_tp2_tc128_vc8192_r0
done failure experiment_id=0 step_s=None
run 2/16 experiment_id=1 exp0001_gpu-a100-80gb-4_cce_train_good_fsdp2_tp2_tc512_vc65536_r0
done failure experiment_id=1 step_s=None
run 3/16 experiment_id=2 exp0002_gpu-a100-80gb-4_cce_train_control-fsdp4-tp1_fsdp4_tp1_tc128_vc8192_r0
done failure experiment_id=2 step_s=None
run 4/16 experiment_id=3 exp0003_gpu-a100-80gb-4_cce_train_control-fsdp1-tp4_fsdp1_tp4_tc128_vc8192_r0
done failure experiment_id=3 step_s=None
run 5/16 experiment_id=4 exp0004_gpu-a100-80gb-4_chunked_matmul_loop_bad_fsdp2_tp2_tc128_vc8192_r0
done success experiment_id=4 step_s=0.052492001399997434
run 6/16 experiment_id=5 exp0005_gpu-a100-80gb-4_chunked_matmul_loop_good_fsdp2_tp2_tc512_vc65536_r0
done success experiment_id=5 step_s=0.01953531460000022
run 7/16 experiment_id=6 exp0006_gpu-a100-80gb-4_chunked_matmul_loop_control-fsdp4-tp1_fsdp4_tp1_tc128_vc8192_r0
done success experiment_id=6 step_s=0.05197344449999832
run 8/16 experiment_id=7 exp0007_gpu-a100-80gb-4_chunked_matmul_loop_control-fsdp1-tp4_fsdp1_tp4_tc128_vc8192_r0
done success experiment_id=7 step_s=0.05143196330000137
run 9/16 experiment_id=8 exp0008_gpu-a100-80gb-4_collective_loop_bad_fsdp2_tp2_tc128_vc8192_r0
done success experiment_id=8 step_s=0.13136096299999167
run 10/16 experiment_id=9 exp0009_gpu-a100-80gb-4_collective_loop_good_fsdp2_tp2_tc512_vc65536_r0
done success experiment_id=9 step_s=0.036154212700006384
run 11/16 experiment_id=10 exp0010_gpu-a100-80gb-4_collective_loop_control-fsdp4-tp1_fsdp4_tp1_tc128_vc8192_r0
done success experiment_id=10 step_s=0.027945437099992886
run 12/16 experiment_id=11 exp0011_gpu-a100-80gb-4_collective_loop_control-fsdp1-tp4_fsdp1_tp4_tc128_vc8192_r0
done success experiment_id=11 step_s=0.1346470770000053
run 13/16 experiment_id=12 exp0012_gpu-a100-80gb-4_projection_collective_loop_bad_fsdp2_tp2_tc128_vc8192_r0
done success experiment_id=12 step_s=0.17419598669999345
run 14/16 experiment_id=13 exp0013_gpu-a100-80gb-4_projection_collective_loop_good_fsdp2_tp2_tc512_vc65536_r0
done success experiment_id=13 step_s=0.045363866899998585
run 15/16 experiment_id=14 exp0014_gpu-a100-80gb-4_projection_collective_loop_control-fsdp4-tp1_fsdp4_tp1_tc128_vc8192_r0
done success experiment_id=14 step_s=0.05168054850000203
run 16/16 experiment_id=15 exp0015_gpu-a100-80gb-4_projection_collective_loop_control-fsdp1-tp4_fsdp1_tp4_tc128_vc8192_r0
done success experiment_id=15 step_s=0.17760974570001054
